
> playwright-cucumber-ts-framework@1.0.0 test
> cucumber-js test

